Error happened while reading file data/no_fail.csv, on line 8 (stod)
Error happened while reading file data/no_fail.csv, on line 16 (stod)
Error happened while reading file data/no_fail.csv, on line 25 (stod)

██╗░░██╗██╗░░██╗░█████╗░███╗░░██╗░██████╗░░██████╗░█████╗░███╗░░░███╗███████╗░█████╗░
██║░██╔╝██║░░██║██╔══██╗████╗░██║██╔════╝░██╔════╝██╔══██╗████╗░████║██╔════╝██╔══██╗
█████═╝░███████║██║░░██║██╔██╗██║██║░░██╗░╚█████╗░██║░░██║██╔████╔██║█████╗░░██║░░██║
██╔═██╗░██╔══██║██║░░██║██║╚████║██║░░╚██╗░╚═══██╗██║░░██║██║╚██╔╝██║██╔══╝░░██║░░██║
██║░╚██╗██║░░██║╚█████╔╝██║░╚███║╚██████╔╝██████╔╝╚█████╔╝██║░╚═╝░██║███████╗╚█████╔╝
╚═╝░░╚═╝╚═╝░░╚═╝░╚════╝░╚═╝░░╚══╝░╚═════╝░╚═════╝░░╚════╝░╚═╝░░░░░╚═╝╚══════╝░╚════╝░

Total passed classes: 28 (100.00%)
+------------+---------+--------------------+-------------------+-------------------+
| class code | credits | grade (10 - scale) | grade (4 - scale) | grade (A - scale) |
+------------+---------+--------------------+-------------------+-------------------+
|   CSC10001 |       4 |              10.00 |              4.00 |                A+ |
|   CSC10003 |       4 |              10.00 |              4.00 |                A+ |
|   MTH00086 |       1 |              10.00 |              4.00 |                A+ |
|   MTH00050 |       4 |               9.50 |              4.00 |                A+ |
|   MTH00082 |       1 |               9.00 |              4.00 |                A+ |
|   CSC00004 |       4 |               8.50 |              3.50 |                 A |
|   CSC10002 |       4 |               8.50 |              3.50 |                 A |
|   CSC10004 |       4 |               8.50 |              3.50 |                 A |
|   CSC10008 |       4 |               8.50 |              3.50 |                 A |
|   CSC10006 |       4 |               8.50 |              3.50 |                 A |
|   BIO00002 |       3 |               8.50 |              3.50 |                 A |
|   MTH00030 |       3 |               8.50 |              3.50 |                 A |
|   CSC10009 |       2 |               8.50 |              3.50 |                 A |
|   MTH00004 |       3 |               8.00 |              3.50 |                 A |
|   BAA00104 |       2 |               8.00 |              3.50 |                 A |
|   BAA00103 |       2 |               8.00 |              3.50 |                 A |
|   BAA00003 |       2 |               8.00 |              3.50 |                 A |
|   MTH00040 |       3 |               7.50 |              3.00 |                B+ |
|   MTH00085 |       1 |               7.50 |              3.00 |                B+ |
|   BAA00004 |       3 |               7.00 |              3.00 |                B+ |
|   BIO00001 |       3 |               7.00 |              3.00 |                B+ |
|   BAA00101 |       3 |               7.00 |              3.00 |                B+ |
|   MTH00083 |       1 |               6.50 |              2.50 |                 B |
|   BAA00102 |       2 |               6.00 |              2.50 |                 B |
|   MTH00081 |       1 |               5.50 |              2.00 |                 C |
|   MTH00003 |       3 |               5.00 |              2.00 |                 C |
|   MTH00041 |       3 |               5.00 |              2.00 |                 C |
|   BAA00005 |       2 |               5.00 |              2.00 |                 C |
+------------+---------+--------------------+-------------------+-------------------+
|    Overall |      76 |               7.95 |              3.00 |                B+ |
+------------+---------+--------------------+-------------------+-------------------+

Total failed classes: 0 (0.00%)
