Error happened while reading file data/has_fail.csv, on line 8 (stod)
Error happened while reading file data/has_fail.csv, on line 16 (stod)
Error happened while reading file data/has_fail.csv, on line 25 (stod)
THIS IS TEXTART

Total passed classes: 5 (62.50%)
+------------+---------+--------------------+-------------------+-------------------+
| class code | credits | grade (10 - scale) | grade (4 - scale) | grade (A - scale) |
+------------+---------+--------------------+-------------------+-------------------+
|   CSC10001 |       4 |              10.00 |              4.00 |                A+ |
|   CSC00004 |       4 |               8.50 |              3.50 |                 A |
|   CSC10002 |       4 |               8.50 |              3.50 |                 A |
|   CSC10004 |       4 |               8.50 |              3.50 |                 A |
|   CSC10008 |       4 |               8.50 |              3.50 |                 A |
+------------+---------+--------------------+-------------------+-------------------+
|    Overall |      20 |               8.80 |              3.50 |                 A |
+------------+---------+--------------------+-------------------+-------------------+

Total failed classes: 3 (37.50%)
+------------+---------+--------------------+-------------------+-------------------+
| class code | credits | grade (10 - scale) | grade (4 - scale) | grade (A - scale) |
+------------+---------+--------------------+-------------------+-------------------+
|   CSC10003 |       4 |               0.00 |              0.00 |                 F |
|   CSC10006 |       4 |               0.00 |              0.00 |                 F |
|   CSC10009 |       2 |               0.00 |              0.00 |                 F |
+------------+---------+--------------------+-------------------+-------------------+
