THIS IS TEXTART

Total passed courses: 1 (100.00%)
+-------------+---------+--------------------+-------------------+-------------------+
| course code | credits | grade (10 - scale) | grade (4 - scale) | grade (A - scale) |
+-------------+---------+--------------------+-------------------+-------------------+
|    MTH00053 |       3 |               6.50 |              2.50 |                 B |
+-------------+---------+--------------------+-------------------+-------------------+
|     Overall |       3 |               6.50 |              2.50 |                 B |
+-------------+---------+--------------------+-------------------+-------------------+

Total failed courses: 0 (0.00%)
