Total passed courses: 1 (100.00%)
course code,credits,grade (10 - scale),grade (4 - scale),grade (A - scale)
MTH00053,3,8.00,3.50,A
Overall,3,8.00,3.50,A

Total failed courses: 0 (0.00%)
