Error happened while reading file data/19120338.csv, on line 8 (stod)
Error happened while reading file data/19120338.csv, on line 16 (stod)
Error happened while reading file data/19120338.csv, on line 25 (stod)
Total passed classes: 0 (Error happened (No class was added.)
